// Jest Snapshot v1, https://goo.gl/fbAQLP

exports[`FormGroup should render the FormGroup Component correctly 1`] = `ShallowWrapper {}`;
